../Core/Src/main.c:122:5:main	8	static
../Core/Src/main.c:233:6:SystemClock_Config	88	static
../Core/Src/main.c:281:13:MX_TIM2_Init	56	static
../Core/Src/main.c:330:13:MX_TIM3_Init	48	static
../Core/Src/main.c:383:13:MX_TIM4_Init	48	static
../Core/Src/main.c:432:13:MX_USART2_UART_Init	8	static
../Core/Src/main.c:463:13:MX_DMA_Init	16	static
../Core/Src/main.c:484:13:MX_GPIO_Init	48	static
../Core/Src/main.c:530:6:UART_Task_Start	16	static
../Core/Src/main.c:545:6:DCMotor_Task_Start	24	static
../Core/Src/main.c:573:6:Servo_Task_Start	24	static
../Core/Src/main.c:599:6:microROS_StartTask	16	static
../Core/Src/main.c:624:6:HAL_TIM_PeriodElapsedCallback	16	static
../Core/Src/main.c:642:6:Error_Handler	4	static,ignoring_inline_asm
