../Core/Src/main.c:122:5:main	1
../Core/Src/main.c:233:6:SystemClock_Config	3
../Core/Src/main.c:281:13:MX_TIM2_Init	3
../Core/Src/main.c:330:13:MX_TIM3_Init	5
../Core/Src/main.c:383:13:MX_TIM4_Init	4
../Core/Src/main.c:432:13:MX_USART2_UART_Init	2
../Core/Src/main.c:463:13:MX_DMA_Init	1
../Core/Src/main.c:484:13:MX_GPIO_Init	1
../Core/Src/main.c:530:6:UART_Task_Start	1
../Core/Src/main.c:545:6:DCMotor_Task_Start	3
../Core/Src/main.c:573:6:Servo_Task_Start	2
../Core/Src/main.c:599:6:microROS_StartTask	1
../Core/Src/main.c:624:6:HAL_TIM_PeriodElapsedCallback	2
../Core/Src/main.c:642:6:Error_Handler	1
