../Core/Src/main.c:119:5:main	1
../Core/Src/main.c:224:6:SystemClock_Config	3
../Core/Src/main.c:272:13:MX_TIM2_Init	3
../Core/Src/main.c:321:13:MX_TIM3_Init	4
../Core/Src/main.c:370:13:MX_TIM4_Init	4
../Core/Src/main.c:419:13:MX_USART2_UART_Init	2
../Core/Src/main.c:452:13:MX_GPIO_Init	1
../Core/Src/main.c:489:6:HAL_UART_RxCpltCallback	2
../Core/Src/main.c:507:6:UART_Task_Start	9
../Core/Src/main.c:563:6:DCMotor_Task_Start	2
../Core/Src/main.c:586:6:Servo_Task_Start	2
../Core/Src/main.c:610:6:Encoder_Task_Start	2
../Core/Src/main.c:644:6:HAL_TIM_PeriodElapsedCallback	2
../Core/Src/main.c:662:6:Error_Handler	1
